<?xml version="1.0" encoding="UTF-8"?>
<testsuites name="Mocha Tests" time="0.1990" tests="11" failures="0">
  <testsuite name="Root Suite" timestamp="2020-01-15T09:40:38" tests="0" time="0.0000" failures="0">
  </testsuite>
  <testsuite name="Buildings" timestamp="2020-01-15T09:40:38" tests="0" file="C:\Users\Jialu_Gu\EPAM\JSA\Project\jsa-bloodstone-app\backend\test\buildings.test.js" time="0.0000" failures="0">
  </testsuite>
  <testsuite name="GET /kingdom/buildings" timestamp="2020-01-15T09:40:39" tests="1" file="C:\Users\Jialu_Gu\EPAM\JSA\Project\jsa-bloodstone-app\backend\test\buildings.test.js" time="0.0520" failures="0">
    <testcase name="Buildings GET /kingdom/buildings should return 200 when getting all buildings" time="0.0520" classname="should return 200 when getting all buildings">
    </testcase>
  </testsuite>
  <testsuite name="GET /kingdom/buildings/5e0358c033372b3a7c5ee05a" timestamp="2020-01-15T09:40:39" tests="1" file="C:\Users\Jialu_Gu\EPAM\JSA\Project\jsa-bloodstone-app\backend\test\buildings.test.js" time="0.0470" failures="0">
    <testcase name="Buildings GET /kingdom/buildings/5e0358c033372b3a7c5ee05a should return 404 when accessing non-exist id" time="0.0470" classname="should return 404 when accessing non-exist id">
    </testcase>
  </testsuite>
  <testsuite name="Resources" timestamp="2020-01-15T09:40:39" tests="0" file="C:\Users\Jialu_Gu\EPAM\JSA\Project\jsa-bloodstone-app\backend\test\resources.test.js" time="0.0000" failures="0">
  </testsuite>
  <testsuite name="GET /kingdom/resources" timestamp="2020-01-15T09:40:39" tests="1" file="C:\Users\Jialu_Gu\EPAM\JSA\Project\jsa-bloodstone-app\backend\test\resources.test.js" time="0.0460" failures="0">
    <testcase name="Resources GET /kingdom/resources should return 200 when getting all resources" time="0.0460" classname="should return 200 when getting all resources">
    </testcase>
  </testsuite>
  <testsuite name="GET /kingdom/resources/non-exist" timestamp="2020-01-15T09:40:39" tests="1" file="C:\Users\Jialu_Gu\EPAM\JSA\Project\jsa-bloodstone-app\backend\test\resources.test.js" time="0.0040" failures="0">
    <testcase name="Resources GET /kingdom/resources/non-exist should return 404 when accessing non-exist endpoints" time="0.0040" classname="should return 404 when accessing non-exist endpoints">
    </testcase>
  </testsuite>
  <testsuite name="Rules" timestamp="2020-01-15T09:40:39" tests="0" file="C:\Users\Jialu_Gu\EPAM\JSA\Project\jsa-bloodstone-app\backend\test\rules.test.js" time="0.0000" failures="0">
  </testsuite>
  <testsuite name="townhallRule" timestamp="2020-01-15T09:40:39" tests="1" file="C:\Users\Jialu_Gu\EPAM\JSA\Project\jsa-bloodstone-app\backend\test\rules.test.js" time="0.0010" failures="0">
    <testcase name="Rules townhallRule should return data object when getting townhallRule" time="0.0010" classname="should return data object when getting townhallRule">
    </testcase>
  </testsuite>
  <testsuite name="farmRule" timestamp="2020-01-15T09:40:39" tests="1" file="C:\Users\Jialu_Gu\EPAM\JSA\Project\jsa-bloodstone-app\backend\test\rules.test.js" time="0.0000" failures="0">
    <testcase name="Rules farmRule should return data object when getting farmRule" time="0.0000" classname="should return data object when getting farmRule">
    </testcase>
  </testsuite>
  <testsuite name="mineRule" timestamp="2020-01-15T09:40:39" tests="1" file="C:\Users\Jialu_Gu\EPAM\JSA\Project\jsa-bloodstone-app\backend\test\rules.test.js" time="0.0000" failures="0">
    <testcase name="Rules mineRule should return data object when getting mineRule" time="0.0000" classname="should return data object when getting mineRule">
    </testcase>
  </testsuite>
  <testsuite name="academyRule" timestamp="2020-01-15T09:40:39" tests="1" file="C:\Users\Jialu_Gu\EPAM\JSA\Project\jsa-bloodstone-app\backend\test\rules.test.js" time="0.0000" failures="0">
    <testcase name="Rules academyRule should return data object when getting academyRule" time="0.0000" classname="should return data object when getting academyRule">
    </testcase>
  </testsuite>
  <testsuite name="foxRule" timestamp="2020-01-15T09:40:39" tests="1" file="C:\Users\Jialu_Gu\EPAM\JSA\Project\jsa-bloodstone-app\backend\test\rules.test.js" time="0.0000" failures="0">
    <testcase name="Rules foxRule should return data object when getting foxRule" time="0.0000" classname="should return data object when getting foxRule">
    </testcase>
  </testsuite>
  <testsuite name="Troops" timestamp="2020-01-15T09:40:39" tests="0" file="C:\Users\Jialu_Gu\EPAM\JSA\Project\jsa-bloodstone-app\backend\test\troops.test.js" time="0.0000" failures="0">
  </testsuite>
  <testsuite name="GET /kingdom/troops" timestamp="2020-01-15T09:40:39" tests="1" file="C:\Users\Jialu_Gu\EPAM\JSA\Project\jsa-bloodstone-app\backend\test\troops.test.js" time="0.0470" failures="0">
    <testcase name="Troops GET /kingdom/troops should return 200 when getting all troops" time="0.0470" classname="should return 200 when getting all troops">
    </testcase>
  </testsuite>
  <testsuite name="GET /kingdom/troops/non-exist" timestamp="2020-01-15T09:40:39" tests="1" file="C:\Users\Jialu_Gu\EPAM\JSA\Project\jsa-bloodstone-app\backend\test\troops.test.js" time="0.0020" failures="0">
    <testcase name="Troops GET /kingdom/troops/non-exist should return 404 when accessing non-exist endpoints" time="0.0020" classname="should return 404 when accessing non-exist endpoints">
    </testcase>
  </testsuite>
</testsuites>